Gg, Gg, Gg, Gg, Hhd, Gg, Re, Gg, Gg, Gg, Gg, Hh, Gg, Gg, Gg, Gg, Gg, Gg, Gg, Gg, Gg, Gg, Gg, Ww, Wo, Wwr, Ss, Gg, Hh, Hhd, Rp, Hh, Hh^Fp, Hh, Gg, Mm, Hh, Mm, Mm, Gg, Mm, Mm^Xm, Mm^Xm, Mm^Xm, Mm^Xm, Mm^Xm, Xue, Xue, Xu, Xue, Xue, Uue, Xue^Efs, Xue, Xue, Xue, Xue, Xue, Xue, Uu, Uu, Xu, Xoa^Efs, Xu, Xoa, Xoa, Xoa, Xue
Gll^Fdf, Gll^Fdf, Gll^Fdf, Hhd, Gs, Gs, Gs, Gs, Gg, Gg, Gg, Gg, Gg^Gvs, Gg, Gg, Gg, Gs, Gs, Gg, Hh, Hh, Gg, Ss, Ww, Wo, Wwr, Ss, Gg, Gll^Fmf, Hhd, Rp, Hh, Hh^Fp, Hh^Fp, Gll^Fp, Hh^Fp, Hhd^Fp, Gll^Fp, Hh, Mm, Hh, Mm, Md, Mm^Xm, Md^Xm, Mm^Xm, Uu, Xu, Uh, Xu, Uu, Uue, Uue, Uu^Tf, Qxu^Bcx\, Uh, Uu^Vud, Xu, Xue, Uhe, Uue, Cud, Uu^Tf, Uu^Vud, Qxe, Cud, Cud, Uu
Gg, Gll^Fdf, Gg, Gg, Gg^Gvs, Gg^Gvs, Gg, Gg, Gg, Gg, Gs, Gs, Gg^Gvs, Gg^Gvs, Gg, Gg, Gll^Fmf, Gll^Fp, Gg, Gs, Gg, Gg, Wwr, Wo, Wo, Ww, Ww, Gg, Gll^Fdf, Rp, Gg, Gd, Gg, Gll^Fp, Gg, Gg, Gs, Hh, Hh, Gs, Hh, Hh^Vhh, Mm, Mm, Mm^Xm, Mm^Xm, Uu, Uh, Ur, Xu^Efs, Ur, Uhe, Uu, Qxu, Qxu, Ur, Uu, Xue^Efs, Uhe, Uue, Uue, Cud, Uue, Uu, Cud, 3 Kud, Cud, Xoa
Gg, Gg, Gd, Gd, Gg^Gvs, Gg^Gvs, Gg, Gg, Gg, Gg, Ch^Edt, Gs, Gs, Gg^Gvs, Gg, Gg, Gll^Fmf, Gd, Gg, Gg, Gg, Gg, Rp, Wwr, Wo, Wo, Ww^Bsb/, Gg, Rp, Rp, Gg, Gd, Hh, Gg, Gs, Hhd, Hh, Hh^Fp, Rd^Es, Rd, Gs, Hh, Mm, Mm, Mm, Mm^Xm, Mm^Xm, Xu, Xu, Uu, Uu^Tf, Xue, Xu, Ur, Qxe, Qxe, Ur, Uu, Uu, Ur, Xu, Xoa, Uue, Uue, Uu, Cud, Xoa^Efs, Xue
Rp, Gg, Rp, Gg, Gs, Gg, Gg, Gg, Rp, Rp, Rp^Vhcr, Khr, Ch^Edt, Gg, Gg, Gg, Rp, Gs^Vh, Rp, Rp, Rp, Gg, Ch, Ww, Wo^Bsb/, Ww^Bsb/, Rp, Rp, Rd^Es, Gd, Gg, Gg, Gg, Hhd, Gll^Fp, Gg, Gg, Rd, Hh, Gg, Hh, Hh, Hhd, Mm, Md, Mm^Xm, Md^Xm, Xu, Uu, Uh, Uu, Xue^Efs, Xue, Uu^Vud, Uu, Uue, Xue, Uh, Uu, Xu, Xoa^Efs, Uu^Vud, Uu, Uhe, Uu, Cud, Uu^Vud, Xu
Gs, Rp, Gg, Rp, Rp, Rp, Rp, Rp, Gg, Rp, Chr^Edt, Ch^Edt, Chr^Edt, Rp, Rp, Rp, Gg, Rp, Gg, Gg, Rp, Rp, Rp, Ww^Bsb/, Wo^Bsb/, Ww^Bsb/, Ch, Rp, Rp, Rd, Gg, Rd, Rd^Es, Rd, Gg, Rd, Hh, Gg, Hhd, Hhd, Gg, Hh^Fp, Hh, Mm, Mm, Md^Xm, Mm^Xm, Uu, Uu, Uh, Xu, Ur, Uu, Ur, Xue^Efs, Xu, Xue, Xu, Xue, Uu, Uu, Cud, Cud, Uu, Uh, Uu, Uu, Uu
Gs, Gs, Gg, Gg, Gg, Gg, Gg, Gg, Gg, Gg, Gg, Rp, Gg, Gg, Gg, Gg, Gs, Gs, Gg, Gd, Gd, Gg, Ww^Bsb/, Ww^Bsb/, Wo, Ww, Gg, Gg, Rp, Gg, Gll^Fp, Gg, Gg, Gd, Gg^Gvs, Gg^Gvs, Gs^Gvs, Gg, Gg, Gg, Gg, Gll^Fp, Hh, Mm, Hh^Vhh, Mm, Mm^Xm, Mm^Xm, Md^Xm, Xue, Xue, Uu, Xue, Uu, Ur, Uu, Uh, Uh, Qxe, Uh, Ur, Uu, Uu, Qxu, Qxu, Uu, Cud, Xoa
Gg, Gg, Hh, Gg, Gll^Fmf, Gg, Gg, Gg, Gg, Gg, Gg^Gvs, Gg, Gg, Gg, Gg, Gs, Gg, Gg, Gd, Gd, Gg, Gg, Ww, Wo, Ww, Ww, Gg, Gg, Rp, Gll^Fmf, Gg, Gg, Gd, Gs, Gg, Gg^Gvs, Gs, Gg, Hh, Gg, Hh, Gg, Hh, Hh, Hh, Mm, Mm, Mm^Xm, Mm^Xm, Xue, Uhe, Ur^Vud, Xue, Xue, Uu, Uu, Xue, Uu, Uu, Qxu^Bcx/, Qxu, Xue, Uhe, Qxe, Uu, Cud, Uu, Xu
Gg, Gs, Gs, Gll^Fmf, Gg, Gll^Fp, Gg, Gg, Gg, Gg^Gvs, Gg^Gvs, Gg^Gvs, Gg, Gs, Gg, Gg, Gg, Gg, Gs, Gd, Gg, Gg, Ww, Wo, Wo, Ww, Wwr, Gg, Rp, Gg, Gll^Fmf, Gg, Gg, Gs, Gg, Gg, Gg, Gg, Hh^Fp, Hh, Re, Gg, Hh, Gs, Hh, Mm, Mm, Md^Xm, Mm^Xm, Mm^Xm, Uhe, Xue^Efs, Uue, Uue^Tf, Uu, Xue, Xue^Efs, Uue^Vud, Uue, Uu, Xue, Xue^Efs, Uue, Ur, Uu, Uu, Ur, Xue
Gg, Gs, Gll^Fmf, Gg, Gg, Gg, Gs, Gs, Gs, Gg, Gg, Gg, Gg, Gg, Gll^Fp, Gg, Gg, Gg, Gs^Vh, Gg, Gg, Ss, Ww, Wo, Ww, Wwr, Ww, Gg, Gg, Rp, Gg, Gg, Gg, Gs, Gg, Gg, Gg, Gg, Gd, Gg, Gg, Gg, Gg, Hhd, Hh, Mm, Mm, Mm, Mm^Xm, Mm^Xm, Mm^Xm, Uhe, Xu, Xue, Xu, Ur, Uu, Xu, Xue, Uu, Uue, Uue^Tf, Uu, Xue, Xu, Uh, Uu, Xue
Gg, Gg, Gll^Fdf, Gs, Gg, Gs, Gg, Gg, Gg, Gg, Gs, Gg, Gg, Gg, Gg, Gg, Gg, Gg, Gg, Gg, Wwr, Ww, Wo, Wo, Ww, Ww, Ww, Ss^Vhs, Gg, Rp, Rp, Gg, Gg, Gg, Gg, Gll^Fp, Gll^Fp, Gg, Gg, Gd, Gg, Hh^Fp, Gll^Fp, Gs, Hh, Hh, Mm, Md, Md^Xm, Chw^Vov, Wwr, Mm^Xm, Mm^Xm, Xue, Xue, Xue, Uh, Xue, Xue^Efs, Ur, Uu, Uhe, Xue^Efs, Xu, Uh, Uu, Uu^Vud, Xue
Gg, Gll^Fdf, Gg, Gg, Gg, Gg, Gg, Gg, Hh, Gg, Gg, Gs, Gg, Gg, Gg, Hh, Gg, Gg, Gg, Gg, Gg, Ww, Ww, Wo, Wo, Ww, Gg, Gg, Gg, Gg, Hh, Rp, Gd, Gd, Gg, Hh, Gg, Gg, Gg, Gg, Gg, Hh, Hh, Hh, Wwr, Mm, Mm, Mm, Mm, Md^Xm, Ww^Es, Md^Xm, Mm^Xm, Mm^Xm, Md^Xm, Xu, Uu, Uu, Ur, Uh, Qxu, Uu, Ur, Uu, Uu, Ur, Xue, Xue
Gg, Gg, Gg, Gg, Gs^Vh, Gg, Gg, Hh, Gg, Gg, Gg, Gg, Gg, Gg, Gg, Gg, Gg, Gg, Gg, Gs, Gg, Gg, Ww, Ww, Wo, Ww, Wwr, Gg, Gs, Gll^Fp, Rp, Rp, Gd^Gvs, Gg, Gg, Gg, Gs, Gs, Gs, Gg, Gg, Gg, Gg, Wwr, Hh, Ww^Es, Wwr, Hh, Wwr, Wwr, Mm, Md^Xm, Mm, Mm^Xm, Mm^Xm, Uu, Mm^Xm, Xue, Uu, Qxu, Ur, Qxu, Uu, Uh, Ur, Xue, Xue^Efs, Xue
Gg, Gs, Gg, Gg, Gg, Gg, Gg, Gg, Gg, Gg, Gg, Gg, Gg, Gg, Gg, Gg, Gg, Gg, Gg, Gg, Gg, Ss, Ww, Wo, Wo, Ww, Ww, Gg, Gs, Gll^Fp, Rp, Gg^Gvs, Gg^Gvs, Gg, Gs, Gg, Gs, Gs, Gg, Gg, Hh, Gg, Hh, Ww^Bw\, Gg, Hh, Hh, Ww^Es, Hh, Mm, Hh, Mm, Mm, Mm^Xm, Mm^Xm, Mm^Xm, Mm^Xm, Mm^Xm, Uu, Uu, Xu, Uh, Xue, Xue, Xu, Uu^Tf, Uu, Uu
Gg, Gg, Gll^Fp, Gg, Gg, Gs, Gg, Gg, Gg, Gd, Gll^Fp, Gs, Gg, Gg, Gg, Gg, Gg, Gd, Gg, Gg, Gg, Ss, Wwr, Wo, Wo, Ww, Hh, Gg, Gg, Rp, Gg^Gvs, Gg^Gvs, Gg, Gg, Gll^Fdf, Gll^Fdf, Gg, Gg, Ww, Gs^Vh, Hh, Ss, Wwr, Ww, Gg, Hh, Gs, Hh, Gll^Fp, Hh, Hhd, Hh, Mm, Mm, Mm, Mm^Xm, Mm^Xm, Mm^Xm, Mm^Xm, Mm^Xm, Mm^Xm, Ur, Uue, Xue^Efs, Xue, Ur, Ur, Xu
Gg, Gg, Hhd^Fp, Gll^Fp, Gg, Re, Gg, Gg, Gg, Gll^Fp, Gg, Gg, Gg^Gvs, Gg^Gvs, Gg^Gvs, Gg^Gvs, Gg, Gg, Gs, Gg, Gg, Gg, Gg, Ww, Wo, Ww, Wwr, Hh, Gg, Rp, Gd, Gg, Gs, Gg, Gg, Gg, Ww, Ww, Gs, Ww, Ww, Ww, Gg, Gg, Hh, Gg, Gg, Gs, Hh^Fp, Gg, Hh, Hh, Hh, Mm, Hh^Vhh, Md, Mm, Mm^Xm, Mm^Xm, Mm^Xm, Mm^Xm, Md^Xm, Mm^Xm, Ur, Ur, Xue, Uu, Xue
Gg, Gg, Gg, Gll^Fp, Gg, Gg, Gg, Gg, Gg, Gg, Gg, Gg, Gg, Gs^Vh, Gg, Gg, Hh^Fp, Gs, Gg, Gg, Gg, Gg, Gg, Ww, Wo, Wo, Ww, Hh, Gg, Rp, Rp, Gg, Gg, Gg, Ww, Ww, Ss, Gs, Gs, Gs, Gg, Gg, Gg, Gg, Gg, Hh, Gg, Hh, Hh, Hh, Hh, Hh, Hh, Hh, Hh, Mm, Mm, Mm, Mm, Mm, Mm, Mm^Xm, Mm^Xm, Mm^Xm, Mm^Xm, Uu, Mm^Xm, Mm^Xm
Gg, Gg, Gg, Gg, Gg, Gg, Gs, Gg, Gs, Gg, Gg, Gg, Gg, Gg, Gll^Fmf, Gll^Fp, Gll^Fmf, Gg, Gg, Gg, Gg, Gg, Ww, Ww, Wo, Ww, Ss^Vhs, Gg, Gg, Gg, Gg, Rp, Rp, Gg, Ww, Ss, Gg, Gg, Gg, Gg, Gg, Gd, Gg, Gg, Gs, Gg, Gll^Fp, Gg, Hh, Gg, Hhd^Fp, Gs, Hh, Gll^Fp, Gg, Hhd, Hh, Mm, Hh, Mm, Mm, Mm, Md, Mm^Xm, Mm, Mm^Xm, Mm^Xm, Mm
Gg, Gg, Gs, Gg, Gll^Fdf, Gs, Gg, Gs, Gs, Gg, Gg, Gg, Gg, Gg, Gg, Gg, Gg, Gg, Gg, Gg, Gg, Ww, Ww, Ww, Wo, Ww, Ss, Gg, Gg, Gs, Gg, Gg, Ww, Ww^Bw\, Rp, Gg, Gg, Gg, Gd, Gd, Gg, Gg, Gg, Gs, Gs, Gs, Hh, Gg, Gg, Gg, Gg, Gs, Hh, Hh^Fp, Hh, Gs, Hh, Hh, Gs, Hh, Hh, Mm, Mm, Mm, Mm, Mm^Xm, Md, Mm^Xm
Gg, Gg, Gs^Vh, Gg, Gll^Fdf, Gg, Gg, Gg, Gg, Gg, Gg, Gg, Gg, Gg, Gg, Gg, Gg, Gg, Gg, Gg, Gg, Wwr, Ww, Wo, Ww, Wo, Ww^Ewl, Gg, Gll^Fp, Gll^Fp, Gg, Ss, Ww, Gg, Rp, Gg, Gg, Gg, Gg, Gg, Gll^Fmf, Gll^Fp, Gll^Fp, Gg, Gg, Gg, Gg, Gg, Gd, Gg, Gg, Hh, Hh, Hh^Fp, Gg, Hh, Hh, Gg, Gg, Hh^Fp, Hh, Mm, Mm, Mm, Hh, Mm, Mm, Mm
Gg, Gg, Gll^Fdf, Gg, Gg, Gg, Gg, Gg, Gg, Gg, Gd, Gg, Gg, Gg, Gll^Fmf, Gg, Gg, Gg, Gg, Gg, Ww, Ww, Wo, Wo, Wwr, Wwr, Gg, Gg, Gg, Gg, Ww, Ww, Gg, Gg, Gll^Fp, Rp, Gs^Vh, Gg, Gg, Gs, Gg, Hh^Fp, Gg, Gg, Gg, Gg, Gg, Gg, Gg, Gg, Gg, Gg, Gs^Vh, Gg, Gg, Gg, Gs, Gg, Hh, Hh, Gll^Fp, Hh, Hh, Hhd, Hh, Hhd, Hh, Mm
Gg, Gg, Gs, Gs, Gg, Gg, Gg, Gg, Gg, Gg, Gg, Gg, Gg, Gll^Fmf, Gll^Fp, Gg, Gg, Gs^Vh, Gg, Gg, Ww, Wo, Ss, Ss, Gg, Ww, Ww, Ww, Ww, Gg, Ww, Gg, Gs, Gg, Gg, Rp, Hh, Gg, Gg, Gg, Gg, Gs, Gg, Gg, Gs, Gs, Gg, Gg, Gg, Gg, Gll^Fp, Gll^Fp, Gll^Fp, Gg, Gg, Gs, Gs, Gs, Hh, Hhd, Hh, Hh^Fp, Gg, Hh, Hh, Gg, Hh, Hhd
Gg, Gg, Gg, Gg, Gg, Gg, Gg, Gg, Gg, Gg, Gg, Gg, Gg, Gg, Gg, Gg, Ww, Gg, Ss, Ss, Wo, Wo, Ss, Hh, Gg, Gg, Gll^Fp, Gs, Gg, Ww^Bw|, Gg, Gg, Gg, Gg, Gs, Rp, Gg, Gd, Gg^Gvs, Gg, Gg^Gvs, Gg, Gd, Gd, Gd, Gg, Gd, Gg, Gg, Gg, Gg, Gg, Gg, Gg, Gg, Hh, Gg, Gg, Gg, Gg, Gg, Gg, Gg, Re, Gg, Hh, Hh, Gll^Fp
Gg, Gg, Gd, Gg, Gg, Gg, Hh^Cyk, Gg^Cyk, Gs^Cyk, Gg, Gg, Gg, Wwr, Wwr, Ww, Ww, Wo, Ww, Wo, Wo, Wo, Ww, Gg, Gg, Gg, Gg, Gs, Gs, Hh, Gg, Gg, Gs, Gg, Gg, Re, Rp, Rp, Gg^Gvs, Gg^Gvs, Gg^Gvs, Gg, Gg, Gg, Gs, Gs, Gd, Gg, Gg, Gg, Gg, Gg, Gg, Gg, Gg, Gg, Gg, Gg^Gvs, Gg^Gvs, Gg^Gvs, Gg^Gvs, Gg^Gvs, Gg, Gg, Gg, Gg, Gg, Gg, Hh
Gg, Gg, Re, Gg, Gg, Gg^Cyk, Hh, Gs^Kyt, Gs^Cyk, Gg, Gg, Gg, Ss, Ww, Wo, Wo, Ww, Wo, Ww, Wo, Ww, Ww, Gg, Gg, Gg, Gs, Gs, Gg, Gd, Gd, Gg, Gg, Gs, Gg, Gg, Gg, Rp, Gg, Gll^Fp, Gll^Fp, Gg, Gs, Gs, Gg, Gg, Gg, Gg, Gg, Gg, Gs, Gg, Gg, Gs, Gg, Gg, Gs, Gd, Gg^Gvs, Gg, Gg^Gvs, Gg, Gg, Gg, Hh, Gll^Fp, Gg, Gg, Gg
Gg, Gg, Gg, Gg, Gd^Vhr, Gg, Gg, Hh, Gg, Gd, Re, Ss, Ww, Wo, Ww, Ww, Gg, Wwr, Gg, Wwr, Gg, Gg, Gg, Gll^Fmf, Gll^Fmf, Gg, Gg, Gg, Gg, Gg, Gg, Gg, Gg, Gg, Gd, Gd, Rp, Gg, Gg, Gg, Gg, Gg, Gg, Gs, Gg, Gg, Gll^Fmf, Gll^Fp, Gg, Gs, Gg, Gg, Gs, Gs, Gs, Gs, Gd, Gg, Gg, Gg, Gg, Gg, Gll^Fmf, Gll^Fp, Gll^Fp, Gg, Gg, Gg
Gg, Gg, Gll^Fp, Gg, Gd, Gg, Gg, Gg, Gg, Gg, Wwr, Ww^Bw\, Wo^Bw\, Wo, Ww, Gg, Gg, Gg, Gll^Fdf, Gg, Gs, Gg, Gs, Gg, Gs^Vh, Gg, Gg, Gg, Gs, Gs, Gg, Gg, Gg, Hh, Gd, Gg, Rp, Gg, Gg, Gg, Gg, Gs^Vh, Gd, Gg, Gg, Gll^Fmf, Gg, Gll^Fp, Gg, Gg, Gg, Gg, Gg, Gg, Gg, Gg, Gg, Gg, Gg, Gg, Gg, Gg, Gg, Gs^Vh, Gg, Gg, Gg, Gg
Gs, Gg, Hh^Fp, Gll^Fp, Gg, Gd, Gg, Gg, Gg, Gg, Ss, Wo, Wo, Ww^Bw\, Ww^Bw\, Gg, Gs, Gll^Fdf, Gg, Gll^Fmf, Gg, Gs, Gg, Gg, Gg, Gd, Gg, Gg, Gll^Fp, Gll^Fmf, Gg, Gs, Gg, Gg, Gg, Gg, Gg, Rp, Gg, Gs, Gg, Gg, Gg, Gd, Gg, Gg, Gg, Gg, Gg, Gs, Gg, Gg, Gg, Gs, Gs, Hh, Gg, Gg, Gg, Gg, Gg, Gg, Gg, Gg, Gg, Gg, Gg, Gg
Gg, Gs, Gg, Gs, Gg, Gg, Gg, Gg, Wo, Gg, Ww, Wo, Wo, Wo, Gg, Re, Gg, Gs, Gg, Gg, Gg, Gg, Gg, Gg, Gg, Gg, Gg, Gg, Gg, Gg, Gg, Gg, Gg, Gg, Gg, Gg, Gg, Rp, Gg, Gg, Gg, Gg, Gg, Gg, Gg, Gg, Gg, Gg, Gg, Gg, Gg, Gs, Gg, Gg, Gg, Gg, Gg, Gg, Gg, Gg, Gg, Gg, Gg, Gg, Gg, Gg, Gg, Gg
